/Users/emmanuelarredondo/Downloads/Integradora/src/main/java/module-info.java
/Users/emmanuelarredondo/Downloads/Integradora/src/main/java/utng/gtid234/jeae/MenuAlumnoController.java
/Users/emmanuelarredondo/Downloads/Integradora/src/main/java/utng/gtid234/jeae/modelo/HorarioClase.java
/Users/emmanuelarredondo/Downloads/Integradora/src/main/java/utng/gtid234/jeae/modelo/LectorExcel.java
/Users/emmanuelarredondo/Downloads/Integradora/src/main/java/utng/gtid234/jeae/modelo/Rol.java
/Users/emmanuelarredondo/Downloads/Integradora/src/main/java/utng/gtid234/jeae/ImportarAlumnosController.java
/Users/emmanuelarredondo/Downloads/Integradora/src/main/java/utng/gtid234/jeae/ProfesoresController.java
/Users/emmanuelarredondo/Downloads/Integradora/src/main/java/utng/gtid234/jeae/DashboardController.java
/Users/emmanuelarredondo/Downloads/Integradora/src/main/java/utng/gtid234/jeae/CuatrimestresController.java
/Users/emmanuelarredondo/Downloads/Integradora/src/main/java/utng/gtid234/jeae/CreditosController.java
/Users/emmanuelarredondo/Downloads/Integradora/src/main/java/utng/gtid234/jeae/FormRegAlumController.java
/Users/emmanuelarredondo/Downloads/Integradora/src/main/java/utng/gtid234/jeae/NuevaIncidenciaController.java
/Users/emmanuelarredondo/Downloads/Integradora/src/main/java/utng/gtid234/jeae/modelo/PdfSimple.java
/Users/emmanuelarredondo/Downloads/Integradora/src/main/java/utng/gtid234/jeae/modelo/Alumno.java
/Users/emmanuelarredondo/Downloads/Integradora/src/main/java/utng/gtid234/jeae/modelo/Actividad.java
/Users/emmanuelarredondo/Downloads/Integradora/src/main/java/utng/gtid234/jeae/conexiones/Conexion.java
/Users/emmanuelarredondo/Downloads/Integradora/src/main/java/utng/gtid234/jeae/modelo/Profesor.java
/Users/emmanuelarredondo/Downloads/Integradora/src/main/java/utng/gtid234/jeae/RespaldoController.java
/Users/emmanuelarredondo/Downloads/Integradora/src/main/java/utng/gtid234/jeae/ReportesController.java
/Users/emmanuelarredondo/Downloads/Integradora/src/main/java/utng/gtid234/jeae/GestionAlumnosController.java
/Users/emmanuelarredondo/Downloads/Integradora/src/main/java/utng/gtid234/jeae/modelo/Laboratorio.java
/Users/emmanuelarredondo/Downloads/Integradora/src/main/java/utng/gtid234/jeae/HorarioController.java
/Users/emmanuelarredondo/Downloads/Integradora/src/main/java/utng/gtid234/jeae/modelo/EquipoComputo.java
/Users/emmanuelarredondo/Downloads/Integradora/src/main/java/utng/gtid234/jeae/modelo/Administrador.java
/Users/emmanuelarredondo/Downloads/Integradora/src/main/java/utng/gtid234/jeae/SecondaryController.java
/Users/emmanuelarredondo/Downloads/Integradora/src/main/java/utng/gtid234/jeae/modelo/Grupo.java
/Users/emmanuelarredondo/Downloads/Integradora/src/main/java/utng/gtid234/jeae/modelo/Exportador.java
/Users/emmanuelarredondo/Downloads/Integradora/src/main/java/utng/gtid234/jeae/Launcher.java
/Users/emmanuelarredondo/Downloads/Integradora/src/main/java/utng/gtid234/jeae/IncidenciasController.java
/Users/emmanuelarredondo/Downloads/Integradora/src/main/java/utng/gtid234/jeae/modelo/Modulo.java
/Users/emmanuelarredondo/Downloads/Integradora/src/main/java/utng/gtid234/jeae/LaboratoriosController.java
/Users/emmanuelarredondo/Downloads/Integradora/src/main/java/utng/gtid234/jeae/HorarioClaseController.java
/Users/emmanuelarredondo/Downloads/Integradora/src/main/java/utng/gtid234/jeae/AdministradoresController.java
/Users/emmanuelarredondo/Downloads/Integradora/src/main/java/utng/gtid234/jeae/SplashController.java
/Users/emmanuelarredondo/Downloads/Integradora/src/main/java/utng/gtid234/jeae/LoginController.java
/Users/emmanuelarredondo/Downloads/Integradora/src/main/java/utng/gtid234/jeae/modelo/Incidencia.java
/Users/emmanuelarredondo/Downloads/Integradora/src/main/java/utng/gtid234/jeae/modelo/PrestamoEquipo.java
/Users/emmanuelarredondo/Downloads/Integradora/src/main/java/utng/gtid234/jeae/InicioController.java
/Users/emmanuelarredondo/Downloads/Integradora/src/main/java/utng/gtid234/jeae/MateriasController.java
/Users/emmanuelarredondo/Downloads/Integradora/src/main/java/utng/gtid234/jeae/modelo/Respaldo.java
/Users/emmanuelarredondo/Downloads/Integradora/src/main/java/utng/gtid234/jeae/App.java
/Users/emmanuelarredondo/Downloads/Integradora/src/main/java/utng/gtid234/jeae/modelo/Horario.java
/Users/emmanuelarredondo/Downloads/Integradora/src/main/java/utng/gtid234/jeae/modelo/BloqueHorario.java
/Users/emmanuelarredondo/Downloads/Integradora/src/main/java/utng/gtid234/jeae/RegistrosAdminController.java
/Users/emmanuelarredondo/Downloads/Integradora/src/main/java/utng/gtid234/jeae/ActividadesController.java
/Users/emmanuelarredondo/Downloads/Integradora/src/main/java/utng/gtid234/jeae/ExportarController.java
/Users/emmanuelarredondo/Downloads/Integradora/src/main/java/utng/gtid234/jeae/PrimaryController.java
/Users/emmanuelarredondo/Downloads/Integradora/src/main/java/utng/gtid234/jeae/modelo/Cuatrimestre.java
/Users/emmanuelarredondo/Downloads/Integradora/src/main/java/utng/gtid234/jeae/modelo/Registro.java
/Users/emmanuelarredondo/Downloads/Integradora/src/main/java/utng/gtid234/jeae/modelo/Materia.java
/Users/emmanuelarredondo/Downloads/Integradora/src/main/java/utng/gtid234/jeae/BloquesHorarioController.java
/Users/emmanuelarredondo/Downloads/Integradora/src/main/java/utng/gtid234/jeae/modelo/RegistroHorario.java
/Users/emmanuelarredondo/Downloads/Integradora/src/main/java/utng/gtid234/jeae/modelo/Reporte.java
